Chimeric	1	1000	100,0,100;100,450,550;100,900,1000
